F:/01-Especializacion en sistemas embebidos/IoT_workspace/LoRaWAN_End_Node_FreeRTOS/Middlewares/Third_Party/LoRaWAN/Mac/LoRaMacSerializer.c:36:27:LoRaMacSerializerJoinRequest	8	static
F:/01-Especializacion en sistemas embebidos/IoT_workspace/LoRaWAN_End_Node_FreeRTOS/Middlewares/Third_Party/LoRaWAN/Mac/LoRaMacSerializer.c:72:27:LoRaMacSerializerReJoinType1	8	static
F:/01-Especializacion en sistemas embebidos/IoT_workspace/LoRaWAN_End_Node_FreeRTOS/Middlewares/Third_Party/LoRaWAN/Mac/LoRaMacSerializer.c:109:27:LoRaMacSerializerReJoinType0or2	8	static
F:/01-Especializacion en sistemas embebidos/IoT_workspace/LoRaWAN_End_Node_FreeRTOS/Middlewares/Third_Party/LoRaWAN/Mac/LoRaMacSerializer.c:146:27:LoRaMacSerializerData	16	static
