F:/01-Especializacion en sistemas embebidos/IoT_workspace/LoRaWAN_End_Node_FreeRTOS/Middlewares/Third_Party/LoRaWAN/LmHandler/NvmDataMgmt.c:58:6:NvmDataMgmtEvent	0	static
F:/01-Especializacion en sistemas embebidos/IoT_workspace/LoRaWAN_End_Node_FreeRTOS/Middlewares/Third_Party/LoRaWAN/LmHandler/NvmDataMgmt.c:65:9:NvmDataMgmtStoreBegin	8	static
F:/01-Especializacion en sistemas embebidos/IoT_workspace/LoRaWAN_End_Node_FreeRTOS/Middlewares/Third_Party/LoRaWAN/LmHandler/NvmDataMgmt.c:84:9:NvmDataMgmtStoreEnd	8	static
