../Application/User/Sensors/BME280/Src/bme280.c:978:13:fill_filter_settings	0	static
../Application/User/Sensors/BME280/Src/bme280.c:987:13:fill_standby_settings	0	static
../Application/User/Sensors/BME280/Src/bme280.c:996:13:fill_osr_press_settings	0	static
../Application/User/Sensors/BME280/Src/bme280.c:1005:13:fill_osr_temp_settings	0	static
../Application/User/Sensors/BME280/Src/bme280.c:1015:13:parse_device_settings	0	static
../Application/User/Sensors/BME280/Src/bme280.c:1028:13:parse_sensor_data	0	static
../Application/User/Sensors/BME280/Src/bme280.c:1247:16:compensate_temperature	4	static
../Application/User/Sensors/BME280/Src/bme280.c:1281:17:compensate_pressure	24	static
../Application/User/Sensors/BME280/Src/bme280.c:1394:17:compensate_humidity	0	static
../Application/User/Sensors/BME280/Src/bme280.c:1472:13:interleave_reg_addr	8	static
../Application/User/Sensors/BME280/Src/bme280.c:1487:13:parse_temp_press_calib_data	0	static
../Application/User/Sensors/BME280/Src/bme280.c:1510:13:parse_humidity_calib_data	0	static
../Application/User/Sensors/BME280/Src/bme280.c:1533:16:are_settings_changed	0	static
../Application/User/Sensors/BME280/Src/bme280.c:1555:15:null_ptr_check	0	static
../Application/User/Sensors/BME280/Src/bme280.c:449:8:bme280_get_regs	24	static
../Application/User/Sensors/BME280/Src/bme280.c:1434:15:get_calib_data	48	static
../Application/User/Sensors/BME280/Src/bme280.c:485:8:bme280_set_regs	48	static
../Application/User/Sensors/BME280/Src/bme280.c:879:15:set_osr_humidity_settings	16	static
../Application/User/Sensors/BME280/Src/bme280.c:912:15:set_osr_press_temp_settings	24	static
../Application/User/Sensors/BME280/Src/bme280.c:859:15:set_osr_settings	16	static
../Application/User/Sensors/BME280/Src/bme280.c:945:15:set_filter_standby_settings	24	static
../Application/User/Sensors/BME280/Src/bme280.c:1108:15:reload_device_settings	16	static
../Application/User/Sensors/BME280/Src/bme280.c:1056:15:write_power_mode	24	static
../Application/User/Sensors/BME280/Src/bme280.c:602:8:bme280_get_sensor_settings	24	static
../Application/User/Sensors/BME280/Src/bme280.c:654:8:bme280_get_sensor_mode	8	static
../Application/User/Sensors/BME280/Src/bme280.c:677:8:bme280_soft_reset	24	static
../Application/User/Sensors/BME280/Src/bme280.c:413:8:bme280_init	16	static
../Application/User/Sensors/BME280/Src/bme280.c:1082:15:put_device_to_sleep	24	static
../Application/User/Sensors/BME280/Src/bme280.c:555:8:bme280_set_sensor_settings	32	static
../Application/User/Sensors/BME280/Src/bme280.c:627:8:bme280_set_sensor_mode	24	static
../Application/User/Sensors/BME280/Src/bme280.c:754:8:bme280_compensate_data	24	static
../Application/User/Sensors/BME280/Src/bme280.c:715:8:bme280_get_sensor_data	40	static
../Application/User/Sensors/BME280/Src/bme280.c:799:8:bme280_cal_meas_delay	16	static
