../../Drivers/CMSIS/Include/core_cm4.h:1933:34:__NVIC_SystemReset	0	static,ignoring_inline_asm
F:/01-Especializacion en sistemas embebidos/IoT_workspace/LoRaWAN_End_Node_FreeRTOS/LoRaWAN/App/lora_app.c:934:13:OnSysTimeUpdate	0	static
F:/01-Especializacion en sistemas embebidos/IoT_workspace/LoRaWAN_End_Node_FreeRTOS/LoRaWAN/App/lora_app.c:982:13:OnTxFrameCtrlChanged	0	static
F:/01-Especializacion en sistemas embebidos/IoT_workspace/LoRaWAN_End_Node_FreeRTOS/LoRaWAN/App/lora_app.c:993:13:OnPingSlotPeriodicityChanged	0	static
F:/01-Especializacion en sistemas embebidos/IoT_workspace/LoRaWAN_End_Node_FreeRTOS/LoRaWAN/App/lora_app.c:899:13:OnBeaconStatusChange	72	static
F:/01-Especializacion en sistemas embebidos/IoT_workspace/LoRaWAN_End_Node_FreeRTOS/LoRaWAN/App/lora_app.c:941:13:OnClassChange	16	static
F:/01-Especializacion en sistemas embebidos/IoT_workspace/LoRaWAN_End_Node_FreeRTOS/LoRaWAN/App/lora_app.c:1093:13:OnNvmDataChange	8	static
F:/01-Especializacion en sistemas embebidos/IoT_workspace/LoRaWAN_End_Node_FreeRTOS/LoRaWAN/App/lora_app.c:808:13:OnTxTimerEvent	8	static
F:/01-Especializacion en sistemas embebidos/IoT_workspace/LoRaWAN_End_Node_FreeRTOS/LoRaWAN/App/lora_app.c:948:13:OnMacProcessNotify	8	static
F:/01-Especializacion en sistemas embebidos/IoT_workspace/LoRaWAN_End_Node_FreeRTOS/LoRaWAN/App/lora_app.c:1004:13:OnSystemReset	8	static
F:/01-Especializacion en sistemas embebidos/IoT_workspace/LoRaWAN_End_Node_FreeRTOS/LoRaWAN/App/lora_app.c:960:13:OnTxPeriodicityChanged	8	static
F:/01-Especializacion en sistemas embebidos/IoT_workspace/LoRaWAN_End_Node_FreeRTOS/LoRaWAN/App/lora_app.c:840:13:OnTxData	24	static
F:/01-Especializacion en sistemas embebidos/IoT_workspace/LoRaWAN_End_Node_FreeRTOS/LoRaWAN/App/lora_app.c:869:13:OnJoinRequest	16	static
F:/01-Especializacion en sistemas embebidos/IoT_workspace/LoRaWAN_End_Node_FreeRTOS/LoRaWAN/App/lora_app.c:1055:13:OnStopJoinTimerEvent	8	static
F:/01-Especializacion en sistemas embebidos/IoT_workspace/LoRaWAN_End_Node_FreeRTOS/LoRaWAN/App/lora_app.c:828:13:OnRxTimerLedEvent	8	static
F:/01-Especializacion en sistemas embebidos/IoT_workspace/LoRaWAN_End_Node_FreeRTOS/LoRaWAN/App/lora_app.c:823:13:OnTxTimerLedEvent	8	static
F:/01-Especializacion en sistemas embebidos/IoT_workspace/LoRaWAN_End_Node_FreeRTOS/LoRaWAN/App/lora_app.c:612:13:OnRxData	40	static
F:/01-Especializacion en sistemas embebidos/IoT_workspace/LoRaWAN_End_Node_FreeRTOS/LoRaWAN/App/lora_app.c:1111:13:OnStoreContextRequest	16	static
F:/01-Especializacion en sistemas embebidos/IoT_workspace/LoRaWAN_End_Node_FreeRTOS/LoRaWAN/App/lora_app.c:1126:13:OnRestoreContextRequest	8	static
F:/01-Especializacion en sistemas embebidos/IoT_workspace/LoRaWAN_End_Node_FreeRTOS/LoRaWAN/App/lora_app.c:1018:13:StopJoin	16	static
F:/01-Especializacion en sistemas embebidos/IoT_workspace/LoRaWAN_End_Node_FreeRTOS/LoRaWAN/App/lora_app.c:595:13:Thd_LoraStopJoin	8	static
F:/01-Especializacion en sistemas embebidos/IoT_workspace/LoRaWAN_End_Node_FreeRTOS/LoRaWAN/App/lora_app.c:1071:13:StoreContext	8	static
F:/01-Especializacion en sistemas embebidos/IoT_workspace/LoRaWAN_End_Node_FreeRTOS/LoRaWAN/App/lora_app.c:578:13:Thd_LoraStoreContext	8	static
F:/01-Especializacion en sistemas embebidos/IoT_workspace/LoRaWAN_End_Node_FreeRTOS/LoRaWAN/App/lora_app.c:692:13:SendTxData	48	static
F:/01-Especializacion en sistemas embebidos/IoT_workspace/LoRaWAN_End_Node_FreeRTOS/LoRaWAN/App/lora_app.c:561:13:Thd_LoraSendProcess	8	static
F:/01-Especializacion en sistemas embebidos/IoT_workspace/LoRaWAN_End_Node_FreeRTOS/LoRaWAN/App/lora_app.c:545:13:Thd_LmHandlerProcess	8	static
F:/01-Especializacion en sistemas embebidos/IoT_workspace/LoRaWAN_End_Node_FreeRTOS/LoRaWAN/App/lora_app.c:833:13:OnJoinTimerLedEvent	8	static
F:/01-Especializacion en sistemas embebidos/IoT_workspace/LoRaWAN_End_Node_FreeRTOS/LoRaWAN/App/lora_app.c:405:6:LoRaWAN_Init	48	static
F:/01-Especializacion en sistemas embebidos/IoT_workspace/LoRaWAN_End_Node_FreeRTOS/LoRaWAN/App/lora_app.c:516:6:HAL_GPIO_EXTI_Callback	8	static
