F:/01-Especializacion en sistemas embebidos/IoT_workspace/LoRaWAN_End_Node_FreeRTOS/Core/Src/stm32wlxx_it.c:73:6:NMI_Handler	0	static
F:/01-Especializacion en sistemas embebidos/IoT_workspace/LoRaWAN_End_Node_FreeRTOS/Core/Src/stm32wlxx_it.c:88:6:HardFault_Handler	0	static
F:/01-Especializacion en sistemas embebidos/IoT_workspace/LoRaWAN_End_Node_FreeRTOS/Core/Src/stm32wlxx_it.c:103:6:MemManage_Handler	0	static
F:/01-Especializacion en sistemas embebidos/IoT_workspace/LoRaWAN_End_Node_FreeRTOS/Core/Src/stm32wlxx_it.c:118:6:BusFault_Handler	0	static
F:/01-Especializacion en sistemas embebidos/IoT_workspace/LoRaWAN_End_Node_FreeRTOS/Core/Src/stm32wlxx_it.c:133:6:UsageFault_Handler	0	static
F:/01-Especializacion en sistemas embebidos/IoT_workspace/LoRaWAN_End_Node_FreeRTOS/Core/Src/stm32wlxx_it.c:148:6:DebugMon_Handler	0	static
F:/01-Especializacion en sistemas embebidos/IoT_workspace/LoRaWAN_End_Node_FreeRTOS/Core/Src/stm32wlxx_it.c:168:6:TAMP_STAMP_LSECSS_SSRU_IRQHandler	8	static
F:/01-Especializacion en sistemas embebidos/IoT_workspace/LoRaWAN_End_Node_FreeRTOS/Core/Src/stm32wlxx_it.c:182:6:EXTI0_IRQHandler	8	static
F:/01-Especializacion en sistemas embebidos/IoT_workspace/LoRaWAN_End_Node_FreeRTOS/Core/Src/stm32wlxx_it.c:196:6:EXTI1_IRQHandler	8	static
F:/01-Especializacion en sistemas embebidos/IoT_workspace/LoRaWAN_End_Node_FreeRTOS/Core/Src/stm32wlxx_it.c:210:6:DMA1_Channel5_IRQHandler	8	static
F:/01-Especializacion en sistemas embebidos/IoT_workspace/LoRaWAN_End_Node_FreeRTOS/Core/Src/stm32wlxx_it.c:224:6:EXTI9_5_IRQHandler	8	static
F:/01-Especializacion en sistemas embebidos/IoT_workspace/LoRaWAN_End_Node_FreeRTOS/Core/Src/stm32wlxx_it.c:238:6:I2C1_EV_IRQHandler	8	static
F:/01-Especializacion en sistemas embebidos/IoT_workspace/LoRaWAN_End_Node_FreeRTOS/Core/Src/stm32wlxx_it.c:252:6:I2C1_ER_IRQHandler	8	static
F:/01-Especializacion en sistemas embebidos/IoT_workspace/LoRaWAN_End_Node_FreeRTOS/Core/Src/stm32wlxx_it.c:266:6:USART2_IRQHandler	8	static
F:/01-Especializacion en sistemas embebidos/IoT_workspace/LoRaWAN_End_Node_FreeRTOS/Core/Src/stm32wlxx_it.c:280:6:RTC_Alarm_IRQHandler	8	static
F:/01-Especializacion en sistemas embebidos/IoT_workspace/LoRaWAN_End_Node_FreeRTOS/Core/Src/stm32wlxx_it.c:294:6:SUBGHZ_Radio_IRQHandler	8	static
