F:/01-Especializacion en sistemas embebidos/IoT_workspace/LoRaWAN_End_Node_FreeRTOS/Core/Src/usart_if.c:101:25:vcom_Init	8	static
F:/01-Especializacion en sistemas embebidos/IoT_workspace/LoRaWAN_End_Node_FreeRTOS/Core/Src/usart_if.c:116:25:vcom_DeInit	8	static
F:/01-Especializacion en sistemas embebidos/IoT_workspace/LoRaWAN_End_Node_FreeRTOS/Core/Src/usart_if.c:150:25:vcom_Trace_DMA	8	static
F:/01-Especializacion en sistemas embebidos/IoT_workspace/LoRaWAN_End_Node_FreeRTOS/Core/Src/usart_if.c:162:25:vcom_ReceiveInit	16	static
F:/01-Especializacion en sistemas embebidos/IoT_workspace/LoRaWAN_End_Node_FreeRTOS/Core/Src/usart_if.c:139:6:vcom_Trace	8	static
F:/01-Especializacion en sistemas embebidos/IoT_workspace/LoRaWAN_End_Node_FreeRTOS/Core/Src/usart_if.c:198:6:vcom_Resume	8	static
F:/01-Especializacion en sistemas embebidos/IoT_workspace/LoRaWAN_End_Node_FreeRTOS/Core/Src/usart_if.c:219:6:HAL_UART_TxCpltCallback	8	static
F:/01-Especializacion en sistemas embebidos/IoT_workspace/LoRaWAN_End_Node_FreeRTOS/Core/Src/usart_if.c:234:6:HAL_UART_RxCpltCallback	8	static
