../Application/User/Sensors/Src/app_bme280.c:111:13:onMeasurementTimer	8	static
../Application/User/Sensors/Src/app_bme280.c:45:6:user_delay_ms	8	static
../Application/User/Sensors/Src/app_bme280.c:49:8:configure_forced_mode_data_acquisition	32	static
../Application/User/Sensors/Src/app_bme280.c:21:6:initialize_bme280_sensor	16	static
../Application/User/Sensors/Src/app_bme280.c:75:17:print_sensor_data	16	static
../Application/User/Sensors/Src/app_bme280.c:86:17:sensor_data_acquisition	32	static
